#
# There is insufficient memory for the Java Runtime Environment to continue.
# Native memory allocation (mmap) failed to map 65536 bytes for Failed to commit area from 0x0000023f7c380000 to 0x0000023f7c390000 of length 65536.
# Possible reasons:
#   The system is out of physical RAM or swap space
#   The process is running with CompressedOops enabled, and the Java Heap may be blocking the growth of the native heap
# Possible solutions:
#   Reduce memory load on the system
#   Increase physical memory or swap space
#   Check if swap backing store is full
#   Decrease Java heap size (-Xmx/-Xms)
#   Decrease number of Java threads
#   Decrease Java thread stack sizes (-Xss)
#   Set larger code cache with -XX:ReservedCodeCacheSize=
# This output file may be truncated or incomplete.
#
#  Out of Memory Error (./src/hotspot/os/windows/os_windows.cpp:3387), pid=16676, tid=27564
#
# JRE version:  (11.0.14.1+1) (build )
# Java VM: OpenJDK 64-Bit Server VM (11.0.14.1+1, mixed mode, sharing, tiered, compressed oops, g1 gc, windows-amd64)
# No core dump will be written. Minidumps are not enabled by default on client versions of Windows
#

---------------  S U M M A R Y ------------

Command Line: 

Host: Intel(R) Core(TM) i5-10300H CPU @ 2.50GHz, 8 cores, 31G,  Windows 11 , 64 bit Build 26100 (10.0.26100.5074)
Time: Mon Apr 20 01:05:08 2026 Eastern Daylight Time elapsed time: 0.020021 seconds (0d 0h 0m 0s)

---------------  T H R E A D  ---------------

Current thread (0x0000023f7a1c9800):  JavaThread "Unknown thread" [_thread_in_vm, id=27564, stack(0x000000d88da00000,0x000000d88db00000)]

Stack: [0x000000d88da00000,0x000000d88db00000]
Native frames: (J=compiled Java code, j=interpreted, Vv=VM code, C=native code)
V  [jvm.dll+0x61e59a]
V  [jvm.dll+0x7aaca9]
V  [jvm.dll+0x7ac398]
V  [jvm.dll+0x7aca73]
V  [jvm.dll+0x24f9b8]
V  [jvm.dll+0x61b83a]
V  [jvm.dll+0x6100c5]
V  [jvm.dll+0x30772c]
V  [jvm.dll+0x3075b2]
V  [jvm.dll+0x30c3f0]
V  [jvm.dll+0x352768]
V  [jvm.dll+0x352160]
V  [jvm.dll+0x2e4728]
V  [jvm.dll+0x2e5886]
V  [jvm.dll+0x784b07]
V  [jvm.dll+0x78628f]
V  [jvm.dll+0x35f479]
V  [jvm.dll+0x767aa0]
V  [jvm.dll+0x3ccf1f]
V  [jvm.dll+0x3cf2b1]
C  [jli.dll+0x5207]
C  [ucrtbase.dll+0x37b0]
C  [KERNEL32.DLL+0x2e8d7]
C  [ntdll.dll+0x8d9c]


---------------  P R O C E S S  ---------------

Threads class SMR info:
_java_thread_list=0x0000023f79d36ce0, length=0, elements={
}

Java Threads: ( => current thread )

Other Threads:
  0x0000023f7a1e1800 GCTaskThread "GC Thread#0" [stack: 0x000000d88db00000,0x000000d88dc00000] [id=2764]
  0x0000023f7a263000 ConcurrentGCThread "G1 Main Marker" [stack: 0x000000d88dc00000,0x000000d88dd00000] [id=22432]
  0x0000023f7a267000 ConcurrentGCThread "G1 Conc#0" [stack: 0x000000d88dd00000,0x000000d88de00000] [id=14168]

[error occurred during error reporting (printing all threads), id 0xc0000005, EXCEPTION_ACCESS_VIOLATION (0xc0000005) at pc=0x00007ffca39c3ef7]

VM state:not at safepoint (not fully initialized)

VM Mutex/Monitor currently owned by a thread:  ([mutex/lock_event])
[0x0000023f7a1c79c0] Heap_lock - owner thread: 0x0000023f7a1c9800

Heap address: 0x0000000603200000, size: 8142 MB, Compressed Oops mode: Non-zero based: 0x0000000603200000
Narrow klass base: 0x0000000000000000, Narrow klass shift: 0

GC Heap History (0 events):
No events

Deoptimization events (0 events):
No events

Classes redefined (0 events):
No events

Internal exceptions (0 events):
No events

Events (1 events):
Event: 0.011 Loaded shared library C:\Program Files\Unity\Hub\Editor\2022.3.57f1\Editor\Data\PlaybackEngines\AndroidPlayer\OpenJDK\bin\zip.dll


Dynamic libraries:
0x00007ff6c5d90000 - 0x00007ff6c5d9d000 	C:\Program Files\Unity\Hub\Editor\2022.3.57f1\Editor\Data\PlaybackEngines\AndroidPlayer\OpenJDK\bin\java.exe
0x00007ffdd5660000 - 0x00007ffdd58c9000 	C:\WINDOWS\SYSTEM32\ntdll.dll
0x00007ffdd46b0000 - 0x00007ffdd4779000 	C:\WINDOWS\System32\KERNEL32.DLL
0x00007ffdd2b50000 - 0x00007ffdd2f43000 	C:\WINDOWS\System32\KERNELBASE.dll
0x00007ffdd2f50000 - 0x00007ffdd309b000 	C:\WINDOWS\System32\ucrtbase.dll
0x00007ffdca1a0000 - 0x00007ffdca1b5000 	C:\Program Files\Unity\Hub\Editor\2022.3.57f1\Editor\Data\PlaybackEngines\AndroidPlayer\OpenJDK\bin\VCRUNTIME140.dll
0x00007ffdca9c0000 - 0x00007ffdca9d7000 	C:\Program Files\Unity\Hub\Editor\2022.3.57f1\Editor\Data\PlaybackEngines\AndroidPlayer\OpenJDK\bin\jli.dll
0x00007ffdd53b0000 - 0x00007ffdd5574000 	C:\WINDOWS\System32\USER32.dll
0x00007ffdb73e0000 - 0x00007ffdb7673000 	C:\WINDOWS\WinSxS\amd64_microsoft.windows.common-controls_6595b64144ccf1df_6.0.26100.5074_none_3e0d6f78e32fd63f\COMCTL32.dll
0x00007ffdd29f0000 - 0x00007ffdd2a17000 	C:\WINDOWS\System32\win32u.dll
0x00007ffdd44f0000 - 0x00007ffdd451b000 	C:\WINDOWS\System32\GDI32.dll
0x00007ffdd4780000 - 0x00007ffdd4829000 	C:\WINDOWS\System32\msvcrt.dll
0x00007ffdd2a20000 - 0x00007ffdd2b4d000 	C:\WINDOWS\System32\gdi32full.dll
0x00007ffdd3220000 - 0x00007ffdd32c3000 	C:\WINDOWS\System32\msvcp_win.dll
0x00007ffdd3990000 - 0x00007ffdd39bf000 	C:\WINDOWS\System32\IMM32.DLL
0x00007ffd8cf60000 - 0x00007ffd8cffb000 	C:\Program Files\Unity\Hub\Editor\2022.3.57f1\Editor\Data\PlaybackEngines\AndroidPlayer\OpenJDK\bin\msvcp140.dll
0x00007ffca36d0000 - 0x00007ffca4251000 	C:\Program Files\Unity\Hub\Editor\2022.3.57f1\Editor\Data\PlaybackEngines\AndroidPlayer\OpenJDK\bin\server\jvm.dll
0x00007ffdd38d0000 - 0x00007ffdd3984000 	C:\WINDOWS\System32\ADVAPI32.dll
0x00007ffdd4600000 - 0x00007ffdd46a6000 	C:\WINDOWS\System32\sechost.dll
0x00007ffdd4cc0000 - 0x00007ffdd4dd8000 	C:\WINDOWS\System32\RPCRT4.dll
0x00007ffdd52c0000 - 0x00007ffdd52c8000 	C:\WINDOWS\System32\PSAPI.DLL
0x00007ffdce890000 - 0x00007ffdce89a000 	C:\WINDOWS\SYSTEM32\WSOCK32.dll
0x00007ffdc24b0000 - 0x00007ffdc24e5000 	C:\WINDOWS\SYSTEM32\WINMM.dll
0x00007ffdd1190000 - 0x00007ffdd119b000 	C:\WINDOWS\SYSTEM32\VERSION.dll
0x00007ffdd3430000 - 0x00007ffdd34a4000 	C:\WINDOWS\System32\WS2_32.dll
0x00007ffdd1640000 - 0x00007ffdd165b000 	C:\WINDOWS\SYSTEM32\kernel.appcore.dll
0x00007ffdcf010000 - 0x00007ffdcf020000 	C:\Program Files\Unity\Hub\Editor\2022.3.57f1\Editor\Data\PlaybackEngines\AndroidPlayer\OpenJDK\bin\verify.dll
0x00007ffdcfb50000 - 0x00007ffdcfd92000 	C:\WINDOWS\SYSTEM32\DBGHELP.DLL
0x00007ffdd4de0000 - 0x00007ffdd515b000 	C:\WINDOWS\System32\combase.dll
0x00007ffdd4520000 - 0x00007ffdd45f7000 	C:\WINDOWS\System32\OLEAUT32.dll
0x00007ffdce850000 - 0x00007ffdce88d000 	C:\WINDOWS\SYSTEM32\dbgcore.DLL
0x00007ffdd3390000 - 0x00007ffdd3429000 	C:\WINDOWS\System32\bcryptPrimitives.dll
0x00007ffdc9780000 - 0x00007ffdc97a8000 	C:\Program Files\Unity\Hub\Editor\2022.3.57f1\Editor\Data\PlaybackEngines\AndroidPlayer\OpenJDK\bin\java.dll
0x00007ffdca190000 - 0x00007ffdca19a000 	C:\Program Files\Unity\Hub\Editor\2022.3.57f1\Editor\Data\PlaybackEngines\AndroidPlayer\OpenJDK\bin\jimage.dll
0x00007ffdacc30000 - 0x00007ffdacc48000 	C:\Program Files\Unity\Hub\Editor\2022.3.57f1\Editor\Data\PlaybackEngines\AndroidPlayer\OpenJDK\bin\zip.dll

dbghelp: loaded successfully - version: 4.0.5 - missing functions: none
symbol engine: initialized successfully - sym options: 0x614 - pdb path: .;C:\Program Files\Unity\Hub\Editor\2022.3.57f1\Editor\Data\PlaybackEngines\AndroidPlayer\OpenJDK\bin;C:\WINDOWS\SYSTEM32;C:\WINDOWS\WinSxS\amd64_microsoft.windows.common-controls_6595b64144ccf1df_6.0.26100.5074_none_3e0d6f78e32fd63f;C:\Program Files\Unity\Hub\Editor\2022.3.57f1\Editor\Data\PlaybackEngines\AndroidPlayer\OpenJDK\bin\server

VM Arguments:
java_command: <unknown>
java_class_path (initial): <not set>
Launcher Type: SUN_STANDARD

[Global flags]
     intx CICompilerCount                          = 4                                         {product} {ergonomic}
     uint ConcGCThreads                            = 2                                         {product} {ergonomic}
     uint G1ConcRefinementThreads                  = 8                                         {product} {ergonomic}
   size_t G1HeapRegionSize                         = 2097152                                   {product} {ergonomic}
    uintx GCDrainStackTargetSize                   = 64                                        {product} {ergonomic}
   size_t InitialHeapSize                          = 534773760                                 {product} {ergonomic}
   size_t MarkStackSize                            = 4194304                                   {product} {ergonomic}
   size_t MaxHeapSize                              = 8537505792                                {product} {ergonomic}
   size_t MinHeapDeltaBytes                        = 2097152                                   {product} {ergonomic}
    uintx NonNMethodCodeHeapSize                   = 5836300                                {pd product} {ergonomic}
    uintx NonProfiledCodeHeapSize                  = 122910970                              {pd product} {ergonomic}
    uintx ProfiledCodeHeapSize                     = 122910970                              {pd product} {ergonomic}
    uintx ReservedCodeCacheSize                    = 251658240                              {pd product} {ergonomic}
     bool SegmentedCodeCache                       = true                                      {product} {ergonomic}
     bool UseCompressedClassPointers               = true                                 {lp64_product} {ergonomic}
     bool UseCompressedOops                        = true                                 {lp64_product} {ergonomic}
     bool UseG1GC                                  = true                                      {product} {ergonomic}
     bool UseLargePagesIndividualAllocation        = false                                  {pd product} {ergonomic}

Logging:
Log output configuration:
 #0: stdout all=warning uptime,level,tags
 #1: stderr all=off uptime,level,tags

Environment Variables:
JAVA_HOME=C:\Program Files\Unity\Hub\Editor\2022.3.57f1\Editor\Data\PlaybackEngines\AndroidPlayer\OpenJDK
PATH=C:\Program Files\Oculus\Support\oculus-runtime;C:\Program Files\PlasticSCM5\server;C:\Program Files\PlasticSCM5\client;C:\Program Files\Common Files\Oracle\Java\javapath;C:\Windows\system32;C:\Windows;C:\Windows\System32\Wbem;C:\Windows\System32\WindowsPowerShell\v1.0\;C:\Windows\System32\OpenSSH\;C:\Program Files\dotnet\;C:\Program Files (x86)\NVIDIA Corporation\PhysX\Common;C:\WINDOWS\system32;C:\WINDOWS;C:\WINDOWS\System32\Wbem;C:\WINDOWS\System32\WindowsPowerShell\v1.0\;C:\WINDOWS\System32\OpenSSH\;C:\Program Files\nodejs\;C:\Program Files\Git\cmd;C:\Program Files\PuTTY\;C:\WINDOWS\system32;C:\WINDOWS;C:\WINDOWS\System32\Wbem;C:\WINDOWS\System32\WindowsPowerShell\v1.0\;C:\WINDOWS\System32\OpenSSH\;C:\Program Files\Tailscale\;C:\Program Files (x86)\Microsoft SQL Server\170\Tools\Binn\;C:\Program Files\Microsoft SQL Server\170\Tools\Binn\;C:\Program Files\Microsoft SQL Server\Client SDK\ODBC\180\Tools\Binn\;C:\Program Files\Microsoft SQL Server\170\DTS\Binn\;C:\Users\devon\AppData\Local\Microsoft\WindowsApps;C:\Users\devon\.dotnet\tools;C:\Users\devon\AppData\Roaming\npm;C:\Users\devon\AppData\Local\GitHubDesktop\bin;C:\Users\devon\AppData\Local\gitkraken\bin;C:\Users\devon\AppData\Local\Microsoft\WindowsApps
USERNAME=devon
OS=Windows_NT
PROCESSOR_IDENTIFIER=Intel64 Family 6 Model 165 Stepping 2, GenuineIntel



---------------  S Y S T E M  ---------------

OS: Windows 11 , 64 bit Build 26100 (10.0.26100.5074)
OS uptime: 0 days 11:21 hours

CPU:total 8 (initial active 8) (4 cores per cpu, 2 threads per core) family 6 model 165 stepping 2 microcode 0xfc, cmov, cx8, fxsr, mmx, sse, sse2, sse3, ssse3, sse4.1, sse4.2, popcnt, avx, avx2, aes, clmul, erms, 3dnowpref, lzcnt, ht, tsc, tscinvbit, bmi1, bmi2, adx, fma

Memory: 4k page, system-wide physical 32561M (4118M free)
TotalPageFile size 36333M (AvailPageFile size 3M)
current process WorkingSet (physical memory assigned to process): 28M, peak: 28M
current process commit charge ("private bytes"): 589M, peak: 589M

vm_info: OpenJDK 64-Bit Server VM (11.0.14.1+1) for windows-amd64 JRE (11.0.14.1+1), built on Feb  9 2022 01:48:27 by "" with unknown MS VC++:1916

END.
